// Vitest Snapshot v1, https://vitest.dev/guide/snapshot.html

exports[`snapshot test 1`] = `
{
  "Parameters": {
    "BootstrapVersion": {
      "Default": "/cdk-bootstrap/hnb659fds/version",
      "Description": "Version of the CDK Bootstrap resources in this environment, automatically retrieved from SSM Parameter Store. [cdk:skip]",
      "Type": "AWS::SSM::Parameter::Value<String>",
    },
  },
  "Resources": {
    "vpcfordevelop603A728E": {
      "Properties": {
        "CidrBlock": "10.0.12.0/22",
        "EnableDnsHostnames": true,
        "EnableDnsSupport": true,
        "InstanceTenancy": "default",
        "Tags": [
          {
            "Key": "Name",
            "Value": "TestStack/vpc-for-develop",
          },
        ],
      },
      "Type": "AWS::EC2::VPC",
    },
    "vpcfordevelopFlowLogToS3Bucket6392637A": {
      "DeletionPolicy": "Retain",
      "Properties": {
        "Tags": [
          {
            "Key": "Name",
            "Value": "TestStack/vpc-for-develop/FlowLogToS3",
          },
        ],
      },
      "Type": "AWS::S3::Bucket",
      "UpdateReplacePolicy": "Retain",
    },
    "vpcfordevelopFlowLogToS3FlowLogA1F37A62": {
      "Properties": {
        "LogDestination": {
          "Fn::GetAtt": [
            "vpcfordevelopFlowLogToS3Bucket6392637A",
            "Arn",
          ],
        },
        "LogDestinationType": "s3",
        "ResourceId": {
          "Ref": "vpcfordevelop603A728E",
        },
        "ResourceType": "VPC",
        "Tags": [
          {
            "Key": "Name",
            "Value": "TestStack/vpc-for-develop/FlowLogToS3",
          },
        ],
        "TrafficType": "ALL",
      },
      "Type": "AWS::EC2::FlowLog",
    },
    "vpcfordevelopIGW540C3EDB": {
      "Properties": {
        "Tags": [
          {
            "Key": "Name",
            "Value": "TestStack/vpc-for-develop",
          },
        ],
      },
      "Type": "AWS::EC2::InternetGateway",
    },
    "vpcfordevelopPrivateSubnet1DefaultRoute66962C00": {
      "Properties": {
        "DestinationCidrBlock": "0.0.0.0/0",
        "NatGatewayId": {
          "Ref": "vpcfordevelopPublicSubnet1NATGateway3FF8FD9D",
        },
        "RouteTableId": {
          "Ref": "vpcfordevelopPrivateSubnet1RouteTableEDE1CE9B",
        },
      },
      "Type": "AWS::EC2::Route",
    },
    "vpcfordevelopPrivateSubnet1RouteTableAssociation64E12BAC": {
      "Properties": {
        "RouteTableId": {
          "Ref": "vpcfordevelopPrivateSubnet1RouteTableEDE1CE9B",
        },
        "SubnetId": {
          "Ref": "vpcfordevelopPrivateSubnet1Subnet87A635EE",
        },
      },
      "Type": "AWS::EC2::SubnetRouteTableAssociation",
    },
    "vpcfordevelopPrivateSubnet1RouteTableEDE1CE9B": {
      "Properties": {
        "Tags": [
          {
            "Key": "Name",
            "Value": "TestStack/vpc-for-develop/PrivateSubnet1",
          },
        ],
        "VpcId": {
          "Ref": "vpcfordevelop603A728E",
        },
      },
      "Type": "AWS::EC2::RouteTable",
    },
    "vpcfordevelopPrivateSubnet1Subnet87A635EE": {
      "Properties": {
        "AvailabilityZone": {
          "Fn::Select": [
            0,
            {
              "Fn::GetAZs": "",
            },
          ],
        },
        "CidrBlock": "10.0.14.0/23",
        "MapPublicIpOnLaunch": false,
        "Tags": [
          {
            "Key": "aws-cdk:subnet-name",
            "Value": "Private",
          },
          {
            "Key": "aws-cdk:subnet-type",
            "Value": "Private",
          },
          {
            "Key": "Name",
            "Value": "TestStack/vpc-for-develop/PrivateSubnet1",
          },
        ],
        "VpcId": {
          "Ref": "vpcfordevelop603A728E",
        },
      },
      "Type": "AWS::EC2::Subnet",
    },
    "vpcfordevelopPublicSubnet1DefaultRoute8030A96D": {
      "DependsOn": [
        "vpcfordevelopVPCGW328C2199",
      ],
      "Properties": {
        "DestinationCidrBlock": "0.0.0.0/0",
        "GatewayId": {
          "Ref": "vpcfordevelopIGW540C3EDB",
        },
        "RouteTableId": {
          "Ref": "vpcfordevelopPublicSubnet1RouteTableD785A535",
        },
      },
      "Type": "AWS::EC2::Route",
    },
    "vpcfordevelopPublicSubnet1EIPBB165790": {
      "Properties": {
        "Domain": "vpc",
        "Tags": [
          {
            "Key": "Name",
            "Value": "TestStack/vpc-for-develop/PublicSubnet1",
          },
        ],
      },
      "Type": "AWS::EC2::EIP",
    },
    "vpcfordevelopPublicSubnet1NATGateway3FF8FD9D": {
      "DependsOn": [
        "vpcfordevelopPublicSubnet1DefaultRoute8030A96D",
        "vpcfordevelopPublicSubnet1RouteTableAssociationF13524FD",
      ],
      "Properties": {
        "AllocationId": {
          "Fn::GetAtt": [
            "vpcfordevelopPublicSubnet1EIPBB165790",
            "AllocationId",
          ],
        },
        "SubnetId": {
          "Ref": "vpcfordevelopPublicSubnet1Subnet66518AB8",
        },
        "Tags": [
          {
            "Key": "Name",
            "Value": "TestStack/vpc-for-develop/PublicSubnet1",
          },
        ],
      },
      "Type": "AWS::EC2::NatGateway",
    },
    "vpcfordevelopPublicSubnet1RouteTableAssociationF13524FD": {
      "Properties": {
        "RouteTableId": {
          "Ref": "vpcfordevelopPublicSubnet1RouteTableD785A535",
        },
        "SubnetId": {
          "Ref": "vpcfordevelopPublicSubnet1Subnet66518AB8",
        },
      },
      "Type": "AWS::EC2::SubnetRouteTableAssociation",
    },
    "vpcfordevelopPublicSubnet1RouteTableD785A535": {
      "Properties": {
        "Tags": [
          {
            "Key": "Name",
            "Value": "TestStack/vpc-for-develop/PublicSubnet1",
          },
        ],
        "VpcId": {
          "Ref": "vpcfordevelop603A728E",
        },
      },
      "Type": "AWS::EC2::RouteTable",
    },
    "vpcfordevelopPublicSubnet1Subnet66518AB8": {
      "Properties": {
        "AvailabilityZone": {
          "Fn::Select": [
            0,
            {
              "Fn::GetAZs": "",
            },
          ],
        },
        "CidrBlock": "10.0.12.0/23",
        "MapPublicIpOnLaunch": true,
        "Tags": [
          {
            "Key": "aws-cdk:subnet-name",
            "Value": "Public",
          },
          {
            "Key": "aws-cdk:subnet-type",
            "Value": "Public",
          },
          {
            "Key": "Name",
            "Value": "TestStack/vpc-for-develop/PublicSubnet1",
          },
        ],
        "VpcId": {
          "Ref": "vpcfordevelop603A728E",
        },
      },
      "Type": "AWS::EC2::Subnet",
    },
    "vpcfordevelopVPCGW328C2199": {
      "Properties": {
        "InternetGatewayId": {
          "Ref": "vpcfordevelopIGW540C3EDB",
        },
        "VpcId": {
          "Ref": "vpcfordevelop603A728E",
        },
      },
      "Type": "AWS::EC2::VPCGatewayAttachment",
    },
  },
  "Rules": {
    "CheckBootstrapVersion": {
      "Assertions": [
        {
          "Assert": {
            "Fn::Not": [
              {
                "Fn::Contains": [
                  [
                    "1",
                    "2",
                    "3",
                    "4",
                    "5",
                  ],
                  {
                    "Ref": "BootstrapVersion",
                  },
                ],
              },
            ],
          },
          "AssertDescription": "CDK bootstrap stack version 6 required. Please run 'cdk bootstrap' with a recent version of the CDK CLI.",
        },
      ],
    },
  },
}
`;
